// Jest Snapshot v1, https://goo.gl/fbAQLP

exports[`should render 1`] = `
<WithStyles(Button)
  style={
    Object {
      "fontFamily": "inherit",
    }
  }
>
  <p>
    Submit
  </p>
</WithStyles(Button)>
`;
