// Jest Snapshot v1, https://goo.gl/fbAQLP

exports[`should render 1`] = `
<ZoneCardView
  error={false}
  loading={false}
  message={null}
  submit={[Function]}
  validationError={false}
/>
`;
